../Core/Src/main.c:92:8:user_i2c_read	3
../Core/Src/main.c:100:6:user_delay_ms	1
../Core/Src/main.c:105:8:user_i2c_write	2
../Core/Src/main.c:124:5:main	12
../Core/Src/main.c:318:6:SystemClock_Config	3
../Core/Src/main.c:360:13:MX_I2C2_Init	2
../Core/Src/main.c:394:13:MX_SPI1_Init	2
../Core/Src/main.c:432:13:MX_USART1_UART_Init	2
../Core/Src/main.c:463:13:MX_DMA_Init	1
../Core/Src/main.c:484:13:MX_GPIO_Init	1
../Core/Src/main.c:524:6:HAL_UARTEx_RxEventCallback	5
../Core/Src/main.c:549:6:Error_Handler	1
