../Core/Src/main.c:92:8:user_i2c_read	24	static
../Core/Src/main.c:100:6:user_delay_ms	16	static
../Core/Src/main.c:105:8:user_i2c_write	32	static
../Core/Src/main.c:124:5:main	256	static
../Core/Src/main.c:318:6:SystemClock_Config	88	static
../Core/Src/main.c:360:13:MX_I2C2_Init	8	static
../Core/Src/main.c:394:13:MX_SPI1_Init	8	static
../Core/Src/main.c:432:13:MX_USART1_UART_Init	8	static
../Core/Src/main.c:463:13:MX_DMA_Init	16	static
../Core/Src/main.c:484:13:MX_GPIO_Init	48	static
../Core/Src/main.c:524:6:HAL_UARTEx_RxEventCallback	16	static
../Core/Src/main.c:549:6:Error_Handler	4	static,ignoring_inline_asm
