../Core/Src/main.c:131:8:user_i2c_read	24	static
../Core/Src/main.c:139:6:user_delay_ms	16	static
../Core/Src/main.c:144:8:user_i2c_write	32	static
../Core/Src/main.c:163:5:main	136	static
../Core/Src/main.c:312:6:SystemClock_Config	88	static
../Core/Src/main.c:354:13:MX_I2C2_Init	8	static
../Core/Src/main.c:388:13:MX_SPI1_Init	8	static
../Core/Src/main.c:424:13:MX_DMA_Init	16	static
../Core/Src/main.c:442:13:MX_GPIO_Init	48	static
../Core/Src/main.c:488:6:Error_Handler	4	static,ignoring_inline_asm
